

================================================================
== Synthesis Summary Report of 'applyIIRFilter'
================================================================
+ General Information: 
    * Date:           Sun Jun 29 20:35:19 2025
    * Version:        2022.2 (Build 3670227 on Oct 13 2022)
    * Project:        filter_envelope_detector
    * Solution:       solution1 (Vivado IP Flow Target)
    * Product family: artix7
    * Target device:  xc7a100t-csg324-1
    

+ Performance & Resource Estimates: 
    
    PS: '+' for module; 'o' for loop; '*' for dataflow
    +--------------------+------+------+---------+---------+----------+---------+------+----------+------+---------+-----------+----------+-----+
    |       Modules      | Issue|      | Latency | Latency | Iteration|         | Trip |          |      |         |           |          |     |
    |       & Loops      | Type | Slack| (cycles)|   (ns)  |  Latency | Interval| Count| Pipelined| BRAM |   DSP   |     FF    |    LUT   | URAM|
    +--------------------+------+------+---------+---------+----------+---------+------+----------+------+---------+-----------+----------+-----+
    |+ applyIIRFilter    |     -|  0.27|       29|  290.000|         -|       30|     -|        no|     -|  18 (7%)|  1920 (1%)|  739 (1%)|    -|
    | o VITIS_LOOP_16_1  |    II|  7.30|       27|  270.000|         8|        4|     6|       yes|     -|        -|          -|         -|    -|
    +--------------------+------+------+---------+---------+----------+---------+------+----------+------+---------+-----------+----------+-----+


================================================================
== HW Interfaces
================================================================
* Other Ports
+-----------+---------+----------+
| Interface | Mode    | Bitwidth |
+-----------+---------+----------+
| ap_return |         | 32       |
| input_r   | ap_none | 32       |
+-----------+---------+----------+

* TOP LEVEL CONTROL
+-----------+------------+-----------------------------------+
| Interface | Type       | Ports                             |
+-----------+------------+-----------------------------------+
| ap_clk    | clock      | ap_clk                            |
| ap_rst    | reset      | ap_rst                            |
| ap_ctrl   | ap_ctrl_hs | ap_done ap_idle ap_ready ap_start |
+-----------+------------+-----------------------------------+


================================================================
== SW I/O Information
================================================================
* Top Function Arguments
+----------+-----------+----------+
| Argument | Direction | Datatype |
+----------+-----------+----------+
| input    | in        | int      |
| return   | out       | int      |
+----------+-----------+----------+

* SW-to-HW Mapping
+----------+--------------+---------+
| Argument | HW Interface | HW Type |
+----------+--------------+---------+
| input    | input_r      | port    |
| return   | ap_return    | port    |
+----------+--------------+---------+


================================================================
== Bind Op Report
================================================================
+--------------------------+-----+--------+----------+-----+--------+---------+
| Name                     | DSP | Pragma | Variable | Op  | Impl   | Latency |
+--------------------------+-----+--------+----------+-----+--------+---------+
| + applyIIRFilter         | 18  |        |          |     |        |         |
|   mul_31ns_32s_63_2_1_U1 | 3   |        | mul_ln18 | mul | auto   | 1       |
|   mul_32s_31ns_63_2_1_U5 | 3   |        | mul_ln21 | mul | auto   | 1       |
|   mul_31ns_32s_63_2_1_U2 | 3   |        | mul_ln22 | mul | auto   | 1       |
|   mul_31ns_32s_63_2_1_U3 | 3   |        | mul_ln23 | mul | auto   | 1       |
|   mul_32s_32s_63_2_1_U4  | 3   |        | mul_ln24 | mul | auto   | 1       |
|   mul_31ns_32s_63_2_1_U6 | 3   |        | mul_ln25 | mul | auto   | 1       |
|   add_ln16_fu_247_p2     | -   |        | add_ln16 | add | fabric | 0       |
+--------------------------+-----+--------+----------+-----+--------+---------+


================================================================
== Bind Storage Report
================================================================
+------------------+------+------+--------+----------+---------+------+---------+
| Name             | BRAM | URAM | Pragma | Variable | Storage | Impl | Latency |
+------------------+------+------+--------+----------+---------+------+---------+
| + applyIIRFilter | 0    | 0    |        |          |         |      |         |
|   NUM_1_0_U      | -    | -    |        | NUM_1_0  | rom_1p  | auto | 1       |
|   delay_U        | -    | -    |        | delay    | ram_t2p | auto | 1       |
|   NUM_1_1_U      | -    | -    |        | NUM_1_1  | rom_1p  | auto | 1       |
|   NUM_1_2_U      | -    | -    |        | NUM_1_2  | rom_1p  | auto | 1       |
|   DEN_1_1_U      | -    | -    |        | DEN_1_1  | rom_1p  | auto | 1       |
|   DEN_1_2_U      | -    | -    |        | DEN_1_2  | rom_1p  | auto | 1       |
+------------------+------+------+--------+----------+---------+------+---------+


================================================================
== Pragma Report
================================================================
  No pragmas found

